[    0.000000] Linux version 4.15.0-202-generic (buildd@lcy02-amd64-115) (gcc version 7.5.0 (Ubuntu 7.5.0-3ubuntu1~18.04)) #213-Ubuntu SMP Thu Jan 5 19:19:12 UTC 2023 (Ubuntu 4.15.0-202.213-generic 4.15.18)
[    0.000000] Command line: BOOT_IMAGE=/boot/vmlinuz-4.15.0-202-generic root=LABEL=cloudimg-rootfs ro console=tty1 console=ttyS0
[    0.000000] KERNEL supported cpus:
[    0.000000]   Intel GenuineIntel
[    0.000000]   AMD AuthenticAMD
[    0.000000]   Centaur CentaurHauls
[    0.000000] x86/fpu: Supporting XSAVE feature 0x001: 'x87 floating point registers'
[    0.000000] x86/fpu: Supporting XSAVE feature 0x002: 'SSE registers'
[    0.000000] x86/fpu: Supporting XSAVE feature 0x004: 'AVX registers'
[    0.000000] x86/fpu: xstate_offset[2]:  576, xstate_sizes[2]:  256
[    0.000000] x86/fpu: Enabled xstate features 0x7, context size is 832 bytes, using 'standard' format.
[    0.000000] e820: BIOS-provided physical RAM map:
[    0.000000] BIOS-e820: [mem 0x0000000000000000-0x000000000009fbff] usable
[    0.000000] BIOS-e820: [mem 0x000000000009fc00-0x000000000009ffff] reserved
[    0.000000] BIOS-e820: [mem 0x00000000000f0000-0x00000000000fffff] reserved
[    0.000000] BIOS-e820: [mem 0x0000000000100000-0x000000001ffeffff] usable
[    0.000000] BIOS-e820: [mem 0x000000001fff0000-0x000000001fffffff] ACPI data
[    0.000000] BIOS-e820: [mem 0x00000000fec00000-0x00000000fec00fff] reserved
[    0.000000] BIOS-e820: [mem 0x00000000fee00000-0x00000000fee00fff] reserved
[    0.000000] BIOS-e820: [mem 0x00000000fffc0000-0x00000000ffffffff] reserved
[    0.000000] NX (Execute Disable) protection: active
[    0.000000] SMBIOS 2.5 present.
[    0.000000] DMI: innotek GmbH VirtualBox/VirtualBox, BIOS VirtualBox 12/01/2006
[    0.000000] Hypervisor detected: KVM
[    0.000000] e820: last_pfn = 0x1fff0 max_arch_pfn = 0x400000000
[    0.000000] MTRR: Disabled
[    0.000000] x86/PAT: MTRRs disabled, skipping PAT initialization too.
[    0.000000] CPU MTRRs all blank - virtualized system.
[    0.000000] x86/PAT: Configuration [0-7]: WB  WT  UC- UC  WB  WT  UC- UC  
[    0.000000] found SMP MP-table at [mem 0x0009fff0-0x0009ffff]
[    0.000000] Scanning 1 areas for low memory corruption
[    0.000000] RAMDISK: [mem 0x1dae2000-0x1edf4fff]
[    0.000000] ACPI: Early table checksum verification disabled
[    0.000000] ACPI: RSDP 0x00000000000E0000 000024 (v02 VBOX  )
[    0.000000] ACPI: XSDT 0x000000001FFF0030 00003C (v01 VBOX   VBOXXSDT 00000001 ASL  00000061)
[    0.000000] ACPI: FACP 0x000000001FFF00F0 0000F4 (v04 VBOX   VBOXFACP 00000001 ASL  00000061)
[    0.000000] ACPI: DSDT 0x000000001FFF0610 002353 (v02 VBOX   VBOXBIOS 00000002 INTL 20100528)
[    0.000000] ACPI: FACS 0x000000001FFF0200 000040
[    0.000000] ACPI: FACS 0x000000001FFF0200 000040
[    0.000000] ACPI: APIC 0x000000001FFF0240 00005C (v02 VBOX   VBOXAPIC 00000001 ASL  00000061)
[    0.000000] ACPI: SSDT 0x000000001FFF02A0 00036C (v01 VBOX   VBOXCPUT 00000002 INTL 20100528)
[    0.000000] ACPI: Reserving FACP table memory at [mem 0x1fff00f0-0x1fff01e3]
[    0.000000] ACPI: Reserving DSDT table memory at [mem 0x1fff0610-0x1fff2962]
[    0.000000] ACPI: Reserving FACS table memory at [mem 0x1fff0200-0x1fff023f]
[    0.000000] ACPI: Reserving FACS table memory at [mem 0x1fff0200-0x1fff023f]
[    0.000000] ACPI: Reserving APIC table memory at [mem 0x1fff0240-0x1fff029b]
[    0.000000] ACPI: Reserving SSDT table memory at [mem 0x1fff02a0-0x1fff060b]
[    0.000000] No NUMA configuration found
[    0.000000] Faking a node at [mem 0x0000000000000000-0x000000001ffeffff]
[    0.000000] NODE_DATA(0) allocated [mem 0x1ffc5000-0x1ffeffff]
[    0.000000] kvm-clock: cpu 0, msr 0:1ff44001, primary cpu clock
[    0.000000] kvm-clock: Using msrs 4b564d01 and 4b564d00
[    0.000000] kvm-clock: using sched offset of 3339074178 cycles
[    0.000000] clocksource: kvm-clock: mask: 0xffffffffffffffff max_cycles: 0x1cd42e4dffb, max_idle_ns: 881590591483 ns
[    0.000000] Zone ranges:
[    0.000000]   DMA      [mem 0x0000000000001000-0x0000000000ffffff]
[    0.000000]   DMA32    [mem 0x0000000001000000-0x000000001ffeffff]
[    0.000000]   Normal   empty
[    0.000000]   Device   empty
[    0.000000] Movable zone start for each node
[    0.000000] Early memory node ranges
[    0.000000]   node   0: [mem 0x0000000000001000-0x000000000009efff]
[    0.000000]   node   0: [mem 0x0000000000100000-0x000000001ffeffff]
[    0.000000] Reserved but unavailable: 104 pages
[    0.000000] Initmem setup node 0 [mem 0x0000000000001000-0x000000001ffeffff]
[    0.000000] ACPI: PM-Timer IO Port: 0x4008
[    0.000000] IOAPIC[0]: apic_id 2, version 32, address 0xfec00000, GSI 0-23
[    0.000000] ACPI: INT_SRC_OVR (bus 0 bus_irq 0 global_irq 2 dfl dfl)
[    0.000000] ACPI: INT_SRC_OVR (bus 0 bus_irq 9 global_irq 9 low level)
[    0.000000] Using ACPI (MADT) for SMP configuration information
[    0.000000] smpboot: Allowing 2 CPUs, 0 hotplug CPUs
[    0.000000] PM: Registered nosave memory: [mem 0x00000000-0x00000fff]
[    0.000000] PM: Registered nosave memory: [mem 0x0009f000-0x0009ffff]
[    0.000000] PM: Registered nosave memory: [mem 0x000a0000-0x000effff]
[    0.000000] PM: Registered nosave memory: [mem 0x000f0000-0x000fffff]
[    0.000000] e820: [mem 0x20000000-0xfebfffff] available for PCI devices
[    0.000000] Booting paravirtualized kernel on KVM
[    0.000000] clocksource: refined-jiffies: mask: 0xffffffff max_cycles: 0xffffffff, max_idle_ns: 7645519600211568 ns
[    0.000000] setup_percpu: NR_CPUS:8192 nr_cpumask_bits:2 nr_cpu_ids:2 nr_node_ids:1
[    0.000000] percpu: Embedded 50 pages/cpu s167936 r8192 d28672 u1048576
[    0.000000] PV qspinlock hash table entries: 256 (order: 0, 4096 bytes)
[    0.000000] Built 1 zonelists, mobility grouping on.  Total pages: 128889
[    0.000000] Policy zone: DMA32
[    0.000000] Kernel command line: BOOT_IMAGE=/boot/vmlinuz-4.15.0-202-generic root=LABEL=cloudimg-rootfs ro console=tty1 console=ttyS0
[    0.000000] Memory: 466552K/523832K available (12300K kernel code, 2477K rwdata, 4320K rodata, 2472K init, 2720K bss, 57280K reserved, 0K cma-reserved)
[    0.000000] SLUB: HWalign=64, Order=0-3, MinObjects=0, CPUs=2, Nodes=1
[    0.000000] ftrace: allocating 39478 entries in 155 pages
[    0.004000] Hierarchical RCU implementation.
[    0.004000] 	RCU restricting CPUs from NR_CPUS=8192 to nr_cpu_ids=2.
[    0.004000] 	Tasks RCU enabled.
[    0.004000] RCU: Adjusting geometry for rcu_fanout_leaf=16, nr_cpu_ids=2
[    0.004000] NR_IRQS: 524544, nr_irqs: 440, preallocated irqs: 16
[    0.004000] random: crng init done
[    0.004000] Console: colour VGA+ 80x25
[    0.004000] console [tty1] enabled
[    0.004000] console [ttyS0] enabled
[    0.004000] ACPI: Core revision 20170831
[    0.004000] ACPI: 2 ACPI AML tables successfully acquired and loaded
[    0.004000] APIC: Switch to symmetric I/O mode setup
[    0.004000] x2apic enabled
[    0.004000] Switched APIC routing to physical x2apic.
[    0.004000] ..TIMER: vector=0x30 apic1=0 pin1=2 apic2=-1 pin2=-1
[    0.004000] tsc: Detected 2303.998 MHz processor
[    0.004005] Calibrating delay loop (skipped) preset value.. 4607.99 BogoMIPS (lpj=9215992)
[    0.005017] pid_max: default: 32768 minimum: 301
[    0.005593] Security Framework initialized
[    0.006136] Yama: becoming mindful.
[    0.006584] AppArmor: AppArmor initialized
[    0.007181] Dentry cache hash table entries: 65536 (order: 7, 524288 bytes)
[    0.008022] Inode-cache hash table entries: 32768 (order: 6, 262144 bytes)
[    0.008819] Mount-cache hash table entries: 1024 (order: 1, 8192 bytes)
[    0.009642] Mountpoint-cache hash table entries: 1024 (order: 1, 8192 bytes)
[    0.010670] Last level iTLB entries: 4KB 64, 2MB 8, 4MB 8
[    0.012001] Last level dTLB entries: 4KB 64, 2MB 0, 4MB 0, 1GB 4
[    0.012761] Spectre V1 : Mitigation: usercopy/swapgs barriers and __user pointer sanitization
[    0.013757] Spectre V2 : Mitigation: Retpolines
[    0.014349] Spectre V2 : Spectre v2 / SpectreRSB mitigation: Filling RSB on context switch
[    0.015393] Speculative Store Bypass: Vulnerable
[    0.015969] MMIO Stale Data: Vulnerable: Clear CPU buffers attempted, no microcode
[    0.016002] SRBDS: Unknown: Dependent on hypervisor status
[    0.016802] Freeing SMP alternatives memory: 36K
[    0.128255] smpboot: CPU0: Intel(R) Core(TM) i7-10510U CPU @ 1.80GHz (family: 0x6, model: 0x8e, stepping: 0xc)
[    0.132154] Performance Events: unsupported p6 CPU model 142 no PMU driver, software events only.
[    0.136067] Hierarchical SRCU implementation.
[    0.140971] NMI watchdog: Perf event create on CPU 0 failed with -2
[    0.142045] NMI watchdog: Perf NMI watchdog permanently disabled
[    0.142862] smp: Bringing up secondary CPUs ...
[    0.143484] x86: Booting SMP configuration:
[    0.144000] .... node  #0, CPUs:      #1
[    0.004000] kvm-clock: cpu 1, msr 0:1ff44041, secondary cpu clock
[    0.147419] smp: Brought up 1 node, 2 CPUs
[    0.147419] smpboot: Max logical packages: 1
[    0.148003] smpboot: Total of 2 processors activated (9215.99 BogoMIPS)
[    0.148915] devtmpfs: initialized
[    0.148915] x86/mm: Memory block size: 128MB
[    0.149115] evm: security.selinux
[    0.149566] evm: security.SMACK64
[    0.149976] evm: security.SMACK64EXEC
[    0.150472] evm: security.SMACK64TRANSMUTE
[    0.152002] evm: security.SMACK64MMAP
[    0.152523] evm: security.apparmor
[    0.152943] evm: security.ima
[    0.153369] evm: security.capability
[    0.153861] clocksource: jiffies: mask: 0xffffffff max_cycles: 0xffffffff, max_idle_ns: 7645041785100000 ns
[    0.153861] futex hash table entries: 512 (order: 3, 32768 bytes)
[    0.156025] pinctrl core: initialized pinctrl subsystem
[    0.156697] RTC time:  9:49:51, date: 02/08/23
[    0.157444] NET: Registered protocol family 16
[    0.158078] audit: initializing netlink subsys (disabled)
[    0.158784] audit: type=2000 audit(1675849796.311:1): state=initialized audit_enabled=0 res=1
[    0.160009] cpuidle: using governor ladder
[    0.160500] cpuidle: using governor menu
[    0.161148] ACPI: bus type PCI registered
[    0.161630] acpiphp: ACPI Hot Plug PCI Controller Driver version: 0.5
[    0.162573] PCI: Using configuration type 1 for base access
[    0.164682] HugeTLB registered 2.00 MiB page size, pre-allocated 0 pages
[    0.165044] ACPI: Added _OSI(Module Device)
[    0.165044] ACPI: Added _OSI(Processor Device)
[    0.165195] ACPI: Added _OSI(3.0 _SCP Extensions)
[    0.165868] ACPI: Added _OSI(Processor Aggregator Device)
[    0.168006] ACPI: Added _OSI(Linux-Dell-Video)
[    0.168568] ACPI: Added _OSI(Linux-Lenovo-NV-HDMI-Audio)
[    0.169332] ACPI: Added _OSI(Linux-HPI-Hybrid-Graphics)
[    0.170681] ACPI: Executed 1 blocks of module-level executable AML code
[    0.174484] ACPI: Interpreter enabled
[    0.175019] ACPI: (supports S0 S5)
[    0.175467] ACPI: Using IOAPIC for interrupt routing
[    0.176161] PCI: Using host bridge windows from ACPI; if necessary, use "pci=nocrs" and report a bug
[    0.177370] ACPI: Enabled 2 GPEs in block 00 to 07
[    0.188791] ACPI: PCI Root Bridge [PCI0] (domain 0000 [bus 00-ff])
[    0.189553] acpi PNP0A03:00: _OSC: OS supports [ASPM ClockPM Segments MSI]
[    0.192028] acpi PNP0A03:00: _OSC: not requesting OS control; OS requires [ExtendedConfig ASPM ClockPM MSI]
[    0.193213] acpi PNP0A03:00: fail to add MMCONFIG information, can't access extended PCI configuration space under this bridge.
[    0.195091] PCI host bridge to bus 0000:00
[    0.195611] pci_bus 0000:00: root bus resource [io  0x0000-0x0cf7 window]
[    0.196002] pci_bus 0000:00: root bus resource [io  0x0d00-0xffff window]
[    0.196789] pci_bus 0000:00: root bus resource [mem 0x000a0000-0x000bffff window]
[    0.197732] pci_bus 0000:00: root bus resource [mem 0x20000000-0xfdffffff window]
[    0.199045] pci_bus 0000:00: root bus resource [bus 00-ff]
[    0.201616] pci 0000:00:01.1: legacy IDE quirk: reg 0x10: [io  0x01f0-0x01f7]
[    0.202436] pci 0000:00:01.1: legacy IDE quirk: reg 0x14: [io  0x03f6]
[    0.203235] pci 0000:00:01.1: legacy IDE quirk: reg 0x18: [io  0x0170-0x0177]
[    0.204002] pci 0000:00:01.1: legacy IDE quirk: reg 0x1c: [io  0x0376]
[    0.216197] pci 0000:00:07.0: quirk: [io  0x4000-0x403f] claimed by PIIX4 ACPI
[    0.220012] pci 0000:00:07.0: quirk: [io  0x4100-0x410f] claimed by PIIX4 SMB
[    0.226151] ACPI: PCI Interrupt Link [LNKA] (IRQs 5 9 10 *11)
[    0.227051] ACPI: PCI Interrupt Link [LNKB] (IRQs 5 9 *10 11)
[    0.227872] ACPI: PCI Interrupt Link [LNKC] (IRQs 5 *9 10 11)
[    0.228085] ACPI: PCI Interrupt Link [LNKD] (IRQs 5 9 10 *11)
[    0.229120] SCSI subsystem initialized
[    0.229659] pci 0000:00:02.0: vgaarb: setting as boot VGA device
[    0.229659] pci 0000:00:02.0: vgaarb: VGA device added: decodes=io+mem,owns=io+mem,locks=none
[    0.232008] pci 0000:00:02.0: vgaarb: bridge control possible
[    0.232725] vgaarb: loaded
[    0.233100] ACPI: bus type USB registered
[    0.233659] usbcore: registered new interface driver usbfs
[    0.234351] usbcore: registered new interface driver hub
[    0.234985] usbcore: registered new device driver usb
[    0.236023] EDAC MC: Ver: 3.0.0
[    0.236780] PCI: Using ACPI for IRQ routing
[    0.236780] NetLabel: Initializing
[    0.237166] NetLabel:  domain hash size = 128
[    0.237703] NetLabel:  protocols = UNLABELED CIPSOv4 CALIPSO
[    0.238474] NetLabel:  unlabeled traffic allowed by default
[    0.240142] clocksource: Switched to clocksource kvm-clock
[    0.249296] VFS: Disk quotas dquot_6.6.0
[    0.249970] VFS: Dquot-cache hash table entries: 512 (order 0, 4096 bytes)
[    0.250910] AppArmor: AppArmor Filesystem Enabled
[    0.251504] pnp: PnP ACPI init
[    0.252649] pnp: PnP ACPI: found 3 devices
[    0.261332] clocksource: acpi_pm: mask: 0xffffff max_cycles: 0xffffff, max_idle_ns: 2085701024 ns
[    0.262417] NET: Registered protocol family 2
[    0.263052] IP idents hash table entries: 8192 (order: 4, 65536 bytes)
[    0.263971] TCP established hash table entries: 4096 (order: 3, 32768 bytes)
[    0.265054] TCP bind hash table entries: 4096 (order: 4, 65536 bytes)
[    0.265847] TCP: Hash tables configured (established 4096 bind 4096)
[    0.266603] UDP hash table entries: 256 (order: 1, 8192 bytes)
[    0.267379] UDP-Lite hash table entries: 256 (order: 1, 8192 bytes)
[    0.268439] NET: Registered protocol family 1
[    0.269204] pci 0000:00:00.0: Limiting direct PCI/PCI transfers
[    0.269958] pci 0000:00:01.0: Activating ISA DMA hang workarounds
[    0.270703] pci 0000:00:02.0: Video device with shadowed ROM at [mem 0x000c0000-0x000dffff]
[    0.271982] Unpacking initramfs...
[    0.850762] Freeing initrd memory: 19532K
[    0.851426] clocksource: tsc: mask: 0xffffffffffffffff max_cycles: 0x2135f5e6f15, max_idle_ns: 440795231538 ns
[    0.852822] platform rtc_cmos: registered platform RTC device (no PNP device found)
[    0.853882] Scanning for low memory corruption every 60 seconds
[    0.855171] Initialise system trusted keyrings
[    0.855809] Key type blacklist registered
[    0.856467] workingset: timestamp_bits=36 max_order=17 bucket_order=0
[    0.858361] zbud: loaded
[    0.859095] squashfs: version 4.0 (2009/01/31) Phillip Lougher
[    0.860040] fuse init (API version 7.26)
[    0.862142] Key type asymmetric registered
[    0.862734] Asymmetric key parser 'x509' registered
[    0.863522] Block layer SCSI generic (bsg) driver version 0.4 loaded (major 246)
[    0.864636] io scheduler noop registered
[    0.865198] io scheduler deadline registered
[    0.866057] io scheduler cfq registered (default)
[    0.867635] ACPI: AC Adapter [AC] (off-line)
[    0.868422] input: Power Button as /devices/LNXSYSTM:00/LNXPWRBN:00/input/input0
[    0.869757] ACPI: Power Button [PWRF]
[    0.870473] input: Sleep Button as /devices/LNXSYSTM:00/LNXSLPBN:00/input/input1
[    0.871462] ACPI: Sleep Button [SLPF]
[    0.873007] ACPI: Battery Slot [BAT0] (battery present)
[    0.873818] Serial: 8250/16550 driver, 32 ports, IRQ sharing enabled
[    0.895723] 00:02: ttyS0 at I/O 0x3f8 (irq = 4, base_baud = 115200) is a 16550A
[    0.900158] Linux agpgart interface v0.103
[    0.905006] loop: module loaded
[    0.907635] scsi host0: ata_piix
[    0.909719] scsi host1: ata_piix
[    0.911256] ata1: PATA max UDMA/33 cmd 0x1f0 ctl 0x3f6 bmdma 0xd000 irq 14
[    0.912758] ata2: PATA max UDMA/33 cmd 0x170 ctl 0x376 bmdma 0xd008 irq 15
[    0.913681] tun: Universal TUN/TAP device driver, 1.6
[    0.914360] PPP generic driver version 2.4.2
[    0.915003] ehci_hcd: USB 2.0 'Enhanced' Host Controller (EHCI) Driver
[    0.915822] ehci-pci: EHCI PCI platform driver
[    0.916403] ehci-platform: EHCI generic platform driver
[    0.917072] ohci_hcd: USB 1.1 'Open' Host Controller (OHCI) Driver
[    0.917837] ohci-pci: OHCI PCI platform driver
[    0.918389] ohci-platform: OHCI generic platform driver
[    0.919076] uhci_hcd: USB Universal Host Controller Interface driver
[    0.919882] i8042: PNP: PS/2 Controller [PNP0303:PS2K,PNP0f03:PS2M] at 0x60,0x64 irq 1,12
[    0.921299] serio: i8042 KBD port at 0x60,0x64 irq 1
[    0.921922] serio: i8042 AUX port at 0x60,0x64 irq 12
[    0.922617] mousedev: PS/2 mouse device common for all mice
[    0.923758] input: AT Translated Set 2 keyboard as /devices/platform/i8042/serio0/input/input2
[    0.925097] rtc_cmos rtc_cmos: rtc core: registered rtc_cmos as rtc0
[    0.926028] rtc_cmos rtc_cmos: alarms up to one day, 114 bytes nvram
[    0.926806] i2c /dev entries driver
[    0.927267] device-mapper: uevent: version 1.0.3
[    0.927946] device-mapper: ioctl: 4.37.0-ioctl (2017-09-20) initialised: dm-devel@redhat.com
[    0.929068] ledtrig-cpu: registered to indicate activity on CPUs
[    0.930208] NET: Registered protocol family 10
[    0.935179] Segment Routing with IPv6
[    0.937009] NET: Registered protocol family 17
[    0.938989] Key type dns_resolver registered
[    0.940650] mce: Using 0 MCE banks
[    0.941089] RAS: Correctable Errors collector initialized.
[    0.941781] sched_clock: Marking stable (940609188, 0)->(1136851328, -196242140)
[    0.942881] registered taskstats version 1
[    0.943823] Loading compiled-in X.509 certificates
[    0.946189] Loaded X.509 cert 'Build time autogenerated kernel key: f114f3958ed3c37ba1924ca66ae8368f3c35b0e4'
[    0.948729] Loaded X.509 cert 'Canonical Ltd. Live Patch Signing: 14df34d1a87cf37625abec039ef2bf521249b969'
[    0.950326] Loaded X.509 cert 'Canonical Ltd. Kernel Module Signing: 88f752e560a1e0737e31163a466ad7b70a850c19'
[    0.951609] blacklist: Loading compiled-in revocation X.509 certificates
[    0.952887] Loaded X.509 cert 'Canonical Ltd. Secure Boot Signing: 61482aa2830d0ab2ad5af10b7250da9033ddcef0'
[    0.954463] zswap: loaded using pool lzo/zbud
[    0.958616] Key type big_key registered
[    0.959242] Key type trusted registered
[    0.961328] Key type encrypted registered
[    0.961827] AppArmor: AppArmor sha1 policy hashing enabled
[    0.962571] ima: No TPM chip found, activating TPM-bypass! (rc=-19)
[    0.963347] ima: Allocated hash algorithm: sha1
[    0.963902] evm: HMAC attrs: 0x1
[    0.964572]   Magic number: 11:316:828
[    0.965106] rtc_cmos rtc_cmos: setting system clock to 2023-02-08 09:49:52 UTC (1675849792)
[    0.966210] BIOS EDD facility v0.16 2004-Jun-25, 0 devices found
[    0.966972] EDD information not available.
[    1.106991] Freeing unused kernel image memory: 2472K
[    1.120777] Write protecting the kernel read-only data: 20480k
[    1.124476] Freeing unused kernel image memory: 2008K
[    1.127339] Freeing unused kernel image memory: 1824K
[    1.148359] x86/mm: Checked W+X mappings: passed, no W+X pages found.
Loading, please wait...
starting version 237
[    1.324591] e1000: Intel(R) PRO/1000 Network Driver - version 7.3.21-k8-NAPI
[    1.327918] e1000: Copyright (c) 1999-2006 Intel Corporation.
[    1.345826] Fusion MPT base driver 3.04.20
[    1.347668] Copyright (c) 1999-2008 LSI Corporation
[    1.390790] AVX2 version of gcm_enc/dec engaged.
[    1.394158] AES CTR mode by8 optimization enabled
[    1.398841] Fusion MPT SPI Host driver 3.04.20
[    1.599917] input: ImExPS/2 Generic Explorer Mouse as /devices/platform/i8042/serio1/input/input4
[    1.837977] e1000 0000:00:03.0 eth0: (PCI:33MHz:32-bit) 02:0c:5d:76:46:7f
[    1.841140] e1000 0000:00:03.0 eth0: Intel(R) PRO/1000 Network Connection
[    2.309573] e1000 0000:00:08.0 eth1: (PCI:33MHz:32-bit) 08:00:27:e1:4c:bf
[    2.312667] e1000 0000:00:08.0 eth1: Intel(R) PRO/1000 Network Connection
[    2.318506] e1000 0000:00:03.0 enp0s3: renamed from eth0
[    2.322038] mptbase: ioc0: Initiating bringup
[    2.336467] e1000 0000:00:08.0 enp0s8: renamed from eth1
[    2.800665] ioc0: LSI53C1030 A0: Capabilities={Initiator}
[    4.354883] scsi host2: ioc0: LSI53C1030 A0, FwRev=00000000h, Ports=1, MaxQ=256, IRQ=20
[    5.457335] scsi 2:0:0:0: Direct-Access     VBOX     HARDDISK         1.0  PQ: 0 ANSI: 5
[    6.353313] scsi target2:0:0: Beginning Domain Validation
[    6.356068] scsi target2:0:0: Domain Validation skipping write tests
[    6.356975] scsi target2:0:0: Ending Domain Validation
[    6.357696] scsi target2:0:0: asynchronous
[    6.358647] scsi 2:0:1:0: Direct-Access     VBOX     HARDDISK         1.0  PQ: 0 ANSI: 5
[    6.833497] scsi target2:0:1: Beginning Domain Validation
[    6.836903] scsi target2:0:1: Domain Validation skipping write tests
[    6.838238] scsi target2:0:1: Ending Domain Validation
[    6.839257] scsi target2:0:1: asynchronous
[    6.844510] sd 2:0:0:0: Attached scsi generic sg0 type 0
[    6.845753] sd 2:0:1:0: Attached scsi generic sg1 type 0
[    6.845939] sd 2:0:0:0: [sda] 83886080 512-byte logical blocks: (42.9 GB/40.0 GiB)
[    6.848770] sd 2:0:0:0: [sda] Write Protect is off
[    6.849465] sd 2:0:1:0: [sdb] 20480 512-byte logical blocks: (10.5 MB/10.0 MiB)
[    6.850565] sd 2:0:1:0: [sdb] Write Protect is off
[    6.851323] sd 2:0:0:0: [sda] Incomplete mode parameter data
[    6.852132] sd 2:0:0:0: [sda] Assuming drive cache: write through
[    6.852172] sd 2:0:1:0: [sdb] Incomplete mode parameter data
[    6.853843] sd 2:0:1:0: [sdb] Assuming drive cache: write through
[    6.890764]  sda: sda1
[    6.892536] sd 2:0:0:0: [sda] Attached SCSI disk
[    6.892889] sd 2:0:1:0: [sdb] Attached SCSI disk
Begin: Loading essential drivers ... [    8.380031] raid6: sse2x1   gen()  9922 MB/s
[    8.428035] raid6: sse2x1   xor()  6289 MB/s
[    8.476050] raid6: sse2x2   gen() 16169 MB/s
[    8.524008] raid6: sse2x2   xor() 10660 MB/s
[    8.572022] raid6: sse2x4   gen() 16859 MB/s
[    8.620171] raid6: sse2x4   xor() 10061 MB/s
[    8.668982] raid6: avx2x1   gen() 25955 MB/s
[    8.716041] raid6: avx2x1   xor() 12675 MB/s
[    8.764035] raid6: avx2x2   gen() 12136 MB/s
[    8.812013] raid6: avx2x2   xor() 19375 MB/s
[    8.860053] raid6: avx2x4   gen() 32693 MB/s
[    8.908015] raid6: avx2x4   xor() 18225 MB/s
[    8.908699] raid6: using algorithm avx2x4 gen() 32693 MB/s
[    8.909537] raid6: .... xor() 18225 MB/s, rmw enabled
[    8.910227] raid6: using avx2x2 recovery algorithm
[    8.911842] xor: automatically using best checksumming function   avx       
[    8.913691] async_tx: api initialized (async)
done.
Begin: Running /scripts/init-premount ... done.
Begin: Mounting root file system ... Begin: Running /scripts/local-top ... done.
Begin: Running /scripts/local-premount ... [    8.954148] Btrfs loaded, crc32c=crc32c-intel
Scanning for Btrfs filesystems
done.
Warning: fsck not present, so skipping root file system
[    9.008871] EXT4-fs (sda1): mounted filesystem with ordered data mode. Opts: (null)
done.
Begin: Running /scripts/local-bottom ... done.
Begin: Running /scripts/init-bottom ... done.
[    9.133823] ip_tables: (C) 2000-2006 Netfilter Core Team
[    9.140415] systemd[1]: systemd 237 running in system mode. (+PAM +AUDIT +SELINUX +IMA +APPARMOR +SMACK +SYSVINIT +UTMP +LIBCRYPTSETUP +GCRYPT +GNUTLS +ACL +XZ +LZ4 +SECCOMP +BLKID +ELFUTILS +KMOD -IDN2 +IDN -PCRE2 default-hierarchy=hybrid)
[    9.143713] systemd[1]: Detected virtualization oracle.
[    9.144503] systemd[1]: Detected architecture x86-64.

Welcome to [1mUbuntu 18.04.6 LTS[0m!

[    9.148903] systemd[1]: Set hostname to <ubuntu>.
[    9.150736] systemd[1]: Initializing machine ID from random generator.
[    9.151965] systemd[1]: Installed transient /etc/machine-id file.
[    9.321134] systemd[1]: Created slice User and Session Slice.
[[0;32m  OK  [0m] Created slice User and Session Slice.
[    9.322575] systemd[1]: Reached target System Time Synchronized.
[[0;32m  OK  [0m] Reached target System Time Synchronized.
[    9.324164] systemd[1]: Created slice System Slice.
[[0;32m  OK  [0m] Created slice System Slice.
[    9.325513] systemd[1]: Listening on fsck to fsckd communication Socket.
[[0;32m  OK  [0m] Listening on fsck to fsckd communication Socket.
[[0;32m  OK  [0m] Listening on LVM2 metadata daemon socket.
[[0;32m  OK  [0m] Listening on LVM2 poll daemon socket.
[[0;32m  OK  [0m] Listening on Device-mapper event daemon FIFOs.
[[0;32m  OK  [0m] Listening on Network Service Netlink Socket.
[[0;32m  OK  [0m] Listening on udev Control Socket.
[[0;32m  OK  [0m] Listening on Journal Socket (/dev/log).
[[0;32m  OK  [0m] Created slice system-serial\x2dgetty.slice.
[[0;32m  OK  [0m] Listening on Journal Socket.
         Starting Monitoring of LVM2 mirrorsâ€¦ng dmeventd or progress polling...
         Starting Uncomplicated firewall...
         Starting Load Kernel Modules...
         Starting Create list of required stâ€¦ce nodes for the current kernel...
         Mounting Huge Pages File System...
         Starting Set the console keyboard layout...
         Mounting POSIX Message Queue File System...
[[0;32m  OK  [0m] Reached target User and Group Name Lookups.
[[0;32m  OK  [0m] Listening on Syslog Socket.
[[0;32m  OK  [0m] Listening on Journal Audit Socket.
[[0;32m  OK  [0m] Set up automount Arbitrary Executabâ€¦rmats File System Automount Point.
[[0;32m  OK  [0m] Reached target Slices.
[    9.361072] Loading iSCSI transport class v2.0-870.
[    9.365946] iscsi: registered transport (tcp)
[    9.377705] iscsi: registered transport (iser)
[[0;32m  OK  [0m] Listening on udev Kernel Socket.
         Starting udev Coldplug all Devices...
         Starting File System Check on Root Device...
         Mounting Kernel Debug File System...
[[0;32m  OK  [0m] Reached target Swap.
[[0;32m  OK  [0m] Listening on /dev/initctl Compatibility Named Pipe.
[[0;32m  OK  [0m] Started Forward Password Requests to Wall Directory Watch.
         Starting Journal Service...
[[0;32m  OK  [0m] Started Uncomplicated firewall.
[[0;32m  OK  [0m] Started Load Kernel Modules.
[[0;32m  OK  [0m] Started Create list of required staâ€¦vice nodes for the current kernel.
[[0;32m  OK  [0m] Mounted Huge Pages File System.
[[0;32m  OK  [0m] Mounted POSIX Message Queue File System.
[[0;32m  OK  [0m] Mounted Kernel Debug File System.
         Starting Create Static Device Nodes in /dev...
         Mounting Kernel Configuration File System...
         Mounting FUSE Control File System...
         Starting Apply Kernel Variables...
[[0;32m  OK  [0m] Mounted Kernel Configuration File System.
[[0;32m  OK  [0m] Mounted FUSE Control File System.
[[0;32m  OK  [0m] Started File System Check Daemon to report status.
[[0;32m  OK  [0m] Started File System Check on Root Device.
[[0;32m  OK  [0m] Started LVM2 metadata daemon.
         Starting Remount Root and Kernel File Systems...
[[0;32m  OK  [0m] Started udev Coldplug all Devices.
[[0;32m  OK  [0m] Started Journal Service.
[[0;32m  OK  [0m] Started Create Static Device Nodes in /dev.
[[0;32m  OK  [0m] Started Apply Kernel Variables.
[[0;32m  OK  [0m] Started Remount Root and Kernel File Systems.
[[0;32m  OK  [0m] Started Monitoring of LVM2 mirrors,â€¦sing dmeventd or progress polling.
         Starting Flush Journal to Persistent Storage...
         Starting Load/Save Random Seed...
         Starting udev Kernel Device Manager...
[[0;32m  OK  [0m] Started Set the console keyboard layout.
[[0;32m  OK  [0m] Started Load/Save Random Seed.
[[0;32m  OK  [0m] Reached target Local File Systems (Pre).
[[0;32m  OK  [0m] Reached target Local File Systems.
         Starting Commit a transient machine-id on disk...
         Starting Set console font and keymap...
         Starting ebtables ruleset management...
         Starting Tell Plymouth To Write Out Runtime Data...
         Starting AppArmor initialization...
[[0;32m  OK  [0m] Started udev Kernel Device Manager.
[[0;32m  OK  [0m] Started Dispatch Password Requests to Console Directory Watch.
[[0;32m  OK  [0m] Reached target Local Encrypted Volumes.
[[0;32m  OK  [0m] Started Set console font and keymap.
[[0;32m  OK  [0m] Started Tell Plymouth To Write Out Runtime Data.
[[0;32m  OK  [0m] Started Flush Journal to Persistent Storage.
         Starting Create Volatile Files and Directories...
[[0;32m  OK  [0m] Started Commit a transient machine-id on disk.
[[0;32m  OK  [0m] Started Create Volatile Files and Directories.
         Starting Update UTMP about System Boot/Shutdown...
[[0;32m  OK  [0m] Started Update UTMP about System Boot/Shutdown.
[[0;32m  OK  [0m] Started ebtables ruleset management.
[[0;32m  OK  [0m] Found device /dev/ttyS0.
[[0;32m  OK  [0m] Listening on Load/Save RF Kill Switch Status /dev/rfkill Watch.
         Mounting Arbitrary Executable File Formats File System...
[[0;32m  OK  [0m] Mounted Arbitrary Executable File Formats File System.
[[0;32m  OK  [0m] Started AppArmor initialization.
         Starting Load AppArmor profiles managed internally by snapd...
         Starting Initial cloud-init job (pre-networking)...
[[0;32m  OK  [0m] Started Load AppArmor profiles managed internally by snapd.
[   12.060341] cloud-init[568]: Cloud-init v. 22.4.2-0ubuntu0~18.04.1 running 'init-local' at Wed, 08 Feb 2023 09:50:03 +0000. Up 11.54 seconds.
[[0;32m  OK  [0m] Started Initial cloud-init job (pre-networking).
[[0;32m  OK  [0m] Reached target Network (Pre).
         Starting Network Service...
[[0;32m  OK  [0m] Started Network Service.
         Starting Wait for Network to be Configured...
         Starting Network Name Resolution...
[[0;32m  OK  [0m] Started Network Name Resolution.
[[0;32m  OK  [0m] Reached target Host and Network Name Lookups.
[[0;32m  OK  [0m] Reached target Network.
[[0;32m  OK  [0m] Started Wait for Network to be Configured.
         Starting Initial cloud-init job (metadata service crawler)...
[   14.603375] cloud-init[698]: Cloud-init v. 22.4.2-0ubuntu0~18.04.1 running 'init' at Wed, 08 Feb 2023 09:50:05 +0000. Up 14.23 seconds.
[   14.606635] cloud-init[698]: ci-info: ++++++++++++++++++++++++++++++++++++++Net device info++++++++++++++++++++++++++++++++++++++
[   14.608740] cloud-init[698]: ci-info: +--------+-------+---------------------------+---------------+--------+-------------------+
[   14.611233] cloud-init[698]: ci-info: | Device |   Up  |          Address          |      Mask     | Scope  |     Hw-Address    |
[   14.613521] cloud-init[698]: ci-info: +--------+-------+---------------------------+---------------+--------+-------------------+
[   14.616171] cloud-init[698]: ci-info: | enp0s3 |  True |         10.0.2.15         | 255.255.255.0 | global | 02:0c:5d:76:46:7f |
[   14.619158] cloud-init[698]: ci-info: | enp0s3 |  True | fe80::c:5dff:fe76:467f/64 |       .       |  link  | 02:0c:5d:76:46:7f |
[   14.620607] cloud-init[698]: ci-info: | enp0s8 | False |             .             |       .       |   .    | 08:00:27:e1:4c:bf |
[   14.621982] cloud-init[698]: ci-info: |   lo   |  True |         127.0.0.1         |   255.0.0.0   |  host  |         .         |
[   14.623189] cloud-init[698]: ci-info: |   lo   |  True |          ::1/128          |       .       |  host  |         .         |
[   14.640982] cloud-init[698]: ci-info: +--------+-------+---------------------------+---------------+--------+-------------------+
[   14.643845] cloud-init[698]: ci-info: ++++++++++++++++++++++++++++Route IPv4 info+++++++++++++++++++++++++++++
[   14.645065] cloud-init[698]: ci-info: +-------+-------------+----------+-----------------+-----------+-------+
[   14.660465] cloud-init[698]: ci-info: | Route | Destination | Gateway  |     Genmask     | Interface | Flags |
[   14.672208] cloud-init[698]: ci-info: +-------+-------------+----------+-----------------+-----------+-------+
[   14.673871] cloud-init[698]: ci-info: |   0   |   0.0.0.0   | 10.0.2.2 |     0.0.0.0     |   enp0s3  |   UG  |
[   14.675964] cloud-init[698]: ci-info: |   1   |   10.0.2.0  | 0.0.0.0  |  255.255.255.0  |   enp0s3  |   U   |
[   14.679562] cloud-init[698]: ci-info: |   2   |   10.0.2.2  | 0.0.0.0  | 255.255.255.255 |   enp0s3  |   UH  |
[   14.681348] cloud-init[698]: ci-info: +-------+-------------+----------+-----------------+-----------+-------+
[   14.682740] cloud-init[698]: ci-info: +++++++++++++++++++Route IPv6 info+++++++++++++++++++
[   14.684459] cloud-init[698]: ci-info: +-------+-------------+---------+-----------+-------+
[   14.685682] cloud-init[698]: ci-info: | Route | Destination | Gateway | Interface | Flags |
[   14.686621] cloud-init[698]: ci-info: +-------+-------------+---------+-----------+-------+
[   14.687510] cloud-init[698]: ci-info: |   1   |  fe80::/64  |    ::   |   enp0s3  |   U   |
[   14.688259] cloud-init[698]: ci-info: |   3   |    local    |    ::   |   enp0s3  |   U   |
[   14.689032] cloud-init[698]: ci-info: |   4   |   ff00::/8  |    ::   |   enp0s3  |   U   |
[   14.689815] cloud-init[698]: ci-info: +-------+-------------+---------+-----------+-------+
[   15.449802] cloud-init[698]: Generating public/private rsa key pair.
[   15.460326] cloud-init[698]: Your identification has been saved in /etc/ssh/ssh_host_rsa_key.
[   15.473003] cloud-init[698]: Your public key has been saved in /etc/ssh/ssh_host_rsa_key.pub.
[   15.484693] cloud-init[698]: The key fingerprint is:
[   15.500300] cloud-init[698]: SHA256:s1ww+KVAOdGdlq84y0d/Ft+baUB2at8+KlW2pw2Jcz4 root@ubuntu-bionic
[   15.501987] cloud-init[698]: The key's randomart image is:
[   15.512403] cloud-init[698]: +---[RSA 2048]----+
[   15.513988] cloud-init[698]: |      o+ . o     |
[   15.515154] cloud-init[698]: |     .o.. =      |
[   15.528590] cloud-init[698]: |      o.o...     |
[[0;32m  OK  [0m] Started Initial cloud-init job (metadata service crawler).
[   15.548320] cloud-init[698]: |       o =  .o + |
[[0;32m  OK  [0m] Reached target Cloud-config availability.
[   15.561740] [[0;32m  OK  [0m] Reached target Network is Online.
cloud-init[698]: |        S...o.=..|
[   15.584645] cloud-init[698]: |       .o+o o==..|
[   15.596504] cloud-init[698]: |       .o+ .o+o*+|
[[0;32m  OK  [0m] Reached target Remote File Systems (Pre).
[[0;32m  OK  [0m] Reached target Remote File Systems.
[   15.615444] cloud-init[698]: |        o ... E+B|
[   15.618195]          Starting Availability of block devices...
[[0;32m  OK  [0m] Reached target System Initialization.
[[0;32m  OK  [0m] Listening on cloud-init hotplug hook socket.
[[0;32m  OK  [0m] Started Message of the Day.
cloud-init[698]: |         .  .+o*+|         Starting LXD - unix socket.
[[0;32m  OK  [0m] Listening on D-Bus System Message Bus Socket.
[[0;32m  OK  [0m] Listening on Open-iSCSI iscsid Socket.
         Starting Socket activation for snappy daemon.
[[0;32m  OK  [0m] Started Ubuntu Advantage Timer for running repeated jobs.

[[0;32m  OK  [0m] Started ACPI Events Check.
[   15.638895] [[0;32m  OK  [0m] Listening on UUID daemon activation socket.
cloud-init[698]: +----[SHA256]-----+
[[0;32m  OK  [0m] Started Daily apt download activities.
[   15.661741] [[0;32m  OK  [0m] Started Daily apt upgrade and clean activities.
[[0;32m  OK  [0m] Listening on ACPID Listen Socket.
cloud-init[698]: Generating public/private dsa key pair.
[[0;32m  OK  [0m] Started Daily Cleanup of Temporary Directories.
[   15.685474] [[0;32m  OK  [0m] Reached target Paths.
[[0;32m  OK  [0m] Started Discard unused blocks once a week.
cloud-init[698]: Your identification has been saved in /etc/ssh/ssh_host_dsa_key.
[[0;32m  OK  [0m] Reached target Timers.
[   15.699961] cloud-init[698]: Your public key has been saved in /etc/ssh/ssh_host_dsa_key.pub.
[[0;32m  OK  [0m] Started Availability of block devices.
[   15.702413] [[0;32m  OK  [0m] Listening on LXD - unix socket.
[[0;32m  OK  [0m] Listening on Socket activation for snappy daemon.
[[0;32m  OK  [0m] Reached target Sockets.
cloud-init[698]: The key fingerprint is:
[[0;32m  OK  [0m] Reached target Basic System.
         Starting Dispatcher daemon for systemd-networkd...
[   15.718785] [[0;32m  OK  [0m] Reached target Login Prompts (Pre).
cloud-init[698]: SHA256:SyVUQ6MFJwFm1WpVSOVuViVQquZ/4a69aeThD61VPdM root@ubuntu-bionic
         Starting Login Service...
[   15.741000] cloud-init[698]: The key's randomart image is:
[[0;32m  OK  [0m] Started Deferred execution scheduler.
[   15.757429] cloud-init[698]: +---[DSA 1024]----+
[   15.764264] cloud-init[698]: |      +o*BO++oo .|
[   15.766190] cloud-init[698]: |     o . =++ . o |
[   15.779190] cloud-init[698]: |        oo. o .  |
         Starting Pollinate to seed the pseudo random number generator...
[   15.793894] cloud-init[698]: |        oo o .  o|
[   15.795587] [[0;32m  OK  [0m] Started D-Bus System Message Bus.
cloud-init[698]: |       .S o +  oE|
[   15.808377] cloud-init[698]: |       . + o  +.+|
[   15.820330] cloud-init[698]: |        . .  =.oo|
[   15.832281] cloud-init[698]: |           . .*= |
[   15.844449] cloud-init[698]: |            o=*o.|
[   15.848963] cloud-init[698]: +----[SHA256]-----+
[   15.850364] cloud-init[698]: Generating public/private ecdsa key pair.
[   15.851805] cloud-init[698]: Your identification has been saved in /etc/ssh/ssh_host_ecdsa_key.
[   15.853762] cloud-init[698]: Your public key has been saved in /etc/ssh/ssh_host_ecdsa_key.pub.
[   15.855651] cloud-init[698]: The key fingerprint is:
[[0;32m  OK  [0m] Started Login Service.
[   15.874972] cloud-init[698]: SHA256:oIoYNLb+V4n30eOXB1oMLHaRVjQPC8KI6MUen9ZKrpw root@ubuntu-bionic
[   15.880263] cloud-init[698]: The key's randomart image is:
[[0;32m  OK  [0m] Started irqbalance daemon.
[   15.886166] cloud-init[698]: +---[ECDSA 256]---+
[   15.889265] cloud-init[698]: |    o . o. .+=   |
[   15.890427] cloud-init[698]: |   . = . ..+. =  |
         Starting System Logging Service...
[   15.906674] cloud-init[698]: | +. o + o o .. . |
[   15.920501] cloud-init[698]: |o o. o * + +     |
[   15.932809] cloud-init[698]: |..  . = S + o    |
[   15.933988] cloud-init[698]: |oo . . * . o +   |
[   15.935135] cloud-init[698]: |o.. . = . o + o  |
         Starting Snap Daemon...
[   15.949875] cloud-init[698]: |  .  E   . o o . |
[   15.956276] cloud-init[698]: |   ..       . .  |
[   15.957333] cloud-init[698]: +----[SHA256]-----+
[   15.968308] cloud-init[698]: Generating public/private ed25519 key pair.
[   15.969820] cloud-init[698]: Your identification has been saved in /etc/ssh/ssh_host_ed25519_key.
[   15.980358] cloud-init[698]: Your public key has been saved in /etc/ssh/ssh_host_ed25519_key.pub.
[   15.982104] cloud-init[698]: The key fingerprint is:
[   15.982612] cloud-init[698]: SHA256:zfFyXZ7p2L9kk3jNc91fZp4PwULD6Y/QI1/eB5amtsI root@ubuntu-bionic
[   15.983663] cloud-init[698]: The key's randomart image is:
[   15.984469] cloud-init[698]: +--[ED25519 256]--+
[   15.985110] cloud-init[698]: |                 |
[   15.985781] cloud-init[698]: |           . .   |
[   15.986460] cloud-init[698]: |          . =   .|
[   15.987171] cloud-init[698]: |         o * + +o|
[   15.987786] cloud-init[698]: |        S * B Xo.|
[   15.988445] cloud-init[698]: |           * @===|
[   16.000163] cloud-init[698]: |         .  =o+X%|
[   16.000868] cloud-init[698]: |          E. .+=X|
[   16.002037] cloud-init[698]: |           ..  oB|
[   16.002630] cloud-init[698]: +----[SHA256]-----+
[[0;32m  OK  [0m] Started Regular background program processing daemon.
         Starting LSB: automatic crash report generation...
[[0;32m  OK  [0m] Started FUSE filesystem for LXC.
[[0;32m  OK  [0m] Started Unattended Upgrades Shutdown.
         Starting LSB: Record successful boot for GRUB...
         Starting Permit User Sessions...
         Starting Virtualbox guest utils...
         Starting Accounts Service...
         Starting LXD - container startup/shutdown...
[[0;32m  OK  [0m] Started System Logging Service.
[[0;32m  OK  [0m] Started Permit User Sessions.
         Starting Terminate Plymouth Boot Screen...
         Starting Hold until boot process finishes up...
[[0;32m  OK  [0m] Started Hold until boot process finishes up.
         Starting Set console scheme...
[[0;32m  OK  [0m] Started Serial Getty on ttyS0.
[[0;32m  OK  [0m] Started Terminate Plymouth Boot Screen.
[[0;32m  OK  [0m] Started Set console scheme.
[[0;32m  OK  [0m] Created slice system-getty.slice.
[[0;32m  OK  [0m] Started Getty on tty1.
[[0;32m  OK  [0m] Reached target Login Prompts.
[[0;32m  OK  [0m] Started LSB: automatic crash report generation.
         Starting Authorization Manager...
[[0;32m  OK  [0m] Started LSB: Record successful boot for GRUB.
[[0;32m  OK  [0m] Started Virtualbox guest utils.
[[0;32m  OK  [0m] Started Authorization Manager.
[[0;32m  OK  [0m] Started Accounts Service.
[[0;32m  OK  [0m] Started LXD - container startup/shutdown.
[[0;32m  OK  [0m] Started Dispatcher daemon for systemd-networkd.
[[0;32m  OK  [0m] Started Snap Daemon.
         Starting Wait until snapd is fully seeded...
[[0;32m  OK  [0m] Started Pollinate to seed the pseudo random number generator.
         Starting OpenBSD Secure Shell server...
         Starting Time & Date Service...
[[0;32m  OK  [0m] Started OpenBSD Secure Shell server.
[[0;32m  OK  [0m] Started Time & Date Service.
[[0;32m  OK  [0m] Started Wait until snapd is fully seeded.
         Starting Apply the settings specified in cloud-config...
[[0;32m  OK  [0m] Created slice User Slice of vagrant.
         Starting User Manager for UID 1000...
[[0;32m  OK  [0m] Started Session 1 of user vagrant.
[[0;32m  OK  [0m] Started User Manager for UID 1000.
[   19.439609] cloud-init[1147]: Cloud-init v. 22.4.2-0ubuntu0~18.04.1 running 'modules:config' at Wed, 08 Feb 2023 09:50:09 +0000. Up 18.45 seconds.
[[0;32m  OK  [0m] Started Apply the settings specified in cloud-config.
[[0;32m  OK  [0m] Reached target Multi-User System.
[[0;32m  OK  [0m] Reached target Graphical Interface.
         Starting Update UTMP about System Runlevel Changes...
         Starting Execute cloud user/final scripts...
[[0;32m  OK  [0m] Started Update UTMP about System Runlevel Changes.
ci-info: no authorized SSH keys fingerprints found for user ubuntu.
<14>Feb  8 09:50:12 cloud-init: #############################################################
<14>Feb  8 09:50:12 cloud-init: -----BEGIN SSH HOST KEY FINGERPRINTS-----
<14>Feb  8 09:50:12 cloud-init: 1024 SHA256:SyVUQ6MFJwFm1WpVSOVuViVQquZ/4a69aeThD61VPdM root@ubuntu-bionic (DSA)
<14>Feb  8 09:50:12 cloud-init: 256 SHA256:oIoYNLb+V4n30eOXB1oMLHaRVjQPC8KI6MUen9ZKrpw root@ubuntu-bionic (ECDSA)
<14>Feb  8 09:50:12 cloud-init: 256 SHA256:zfFyXZ7p2L9kk3jNc91fZp4PwULD6Y/QI1/eB5amtsI root@ubuntu-bionic (ED25519)
<14>Feb  8 09:50:12 cloud-init: 2048 SHA256:s1ww+KVAOdGdlq84y0d/Ft+baUB2at8+KlW2pw2Jcz4 root@ubuntu-bionic (RSA)
<14>Feb  8 09:50:12 cloud-init: -----END SSH HOST KEY FINGERPRINTS-----
<14>Feb  8 09:50:12 cloud-init: #############################################################
-----BEGIN SSH HOST KEY KEYS-----
ecdsa-sha2-nistp256 AAAAE2VjZHNhLXNoYTItbmlzdHAyNTYAAAAIbmlzdHAyNTYAAABBBJ4+0cxDWRM/0HdCXLwQDEgwrypbCF7PmzHU9ksxZQG+LKadYdsF6/ewhNRxc3xtcE9Gb1AAd5nXpFgvN5wFEL0= root@ubuntu-bionic
ssh-ed25519 AAAAC3NzaC1lZDI1NTE5AAAAIPCQHpjM5wmBufSAkFB1e8hBFw3JOnt2rgBKvZSxXUt0 root@ubuntu-bionic
ssh-rsa AAAAB3NzaC1yc2EAAAADAQABAAABAQC/+mzvVt76Dm52IclyTzUGUuvcqu/i/kQQ2VEn2N+qItmOyQLc7CKNpbYbuM5ZPU3iuh5ZG9W6EedcwEjzSYTmrBG5BoEyv9KNXmVL4Qn74HQqZvX9hlPPgvUqegU9Z/UGydK4Hxa+pdUDx/IPIlliYCwvd4QOjnzOc4UaC3XIG/6pHYiZVkQg8k5WKeq+eADWtxxFjhtxt9KDW2VB05xLduSG6C/0ukH6uyrZB2Y67DEzUdO2vyXrdadkOyHtFBSfJS5VVYISGQjpDZtnjNs8nhAmXkA6ioujM8jeOuV32FKD/ZGQ7hM1PX0oe6UhvqhA9NIhbuGx6jT0Mxe67Nhx root@ubuntu-bionic
-----END SSH HOST KEY KEYS-----
[   21.268444] cloud-init[1239]: Cloud-init v. 22.4.2-0ubuntu0~18.04.1 running 'modules:final' at Wed, 08 Feb 2023 09:50:12 +0000. Up 20.67 seconds.
[   21.268545] cloud-init[1239]: Cloud-init v. 22.4.2-0ubuntu0~18.04.1 finished at Wed, 08 Feb 2023 09:50:12 +0000. Datasource DataSourceNoCloud [seed=/dev/sdb][dsmode=net].  Up 21.25 seconds

Ubuntu 18.04.6 LTS ubuntu-bionic ttyS0

ubuntu-bionic login:          Stopping Availability of block devices...
         Stopping Session 18 of user vagrant.
[[0;32m  OK  [0m] Closed Load/Save RF Kill Switch Status /dev/rfkill Watch.
         Stopping Session 58 of user vagrant.
[[0;32m  OK  [0m] Stopped target Timers.
[[0;32m  OK  [0m] Stopped Daily apt upgrade and clean activities.
[[0;32m  OK  [0m] Stopped Message of the Day.
[[0;32m  OK  [0m] Stopped Daily apt download activities.
[[0;32m  OK  [0m] Stopped Discard unused blocks once a week.
[[0;32m  OK  [0m] Stopped target System Time Synchronized.
[[0;32m  OK  [0m] Stopped target Graphical Interface.
         Stopping Authorization Manager...
[[0;32m  OK  [0m] Stopped target Cloud-init target.
[[0;32m  OK  [0m] Stopped Execute cloud user/final scripts.
[[0;32m  OK  [0m] Stopped Apply the settings specified in cloud-config.
         Stopping Accounts Service...
[[0;32m  OK  [0m] Stopped target Multi-User System.
         Stopping Regular background program processing daemon...
         Stopping LSB: automatic crash report generation...
         Stopping Dispatcher daemon for systemd-networkd...
         Stopping Virtualbox guest utils...
[[0;32m  OK  [0m] Stopped Wait until snapd is fully seeded.
         Stopping System Logging Service...
         Stopping irqbalance daemon...
         Stopping D-Bus System Message Bus...
[[0;32m  OK  [0m] Stopped target Login Prompts.
         Stopping Serial Getty on ttyS0...
         Stopping LSB: Record successful boot for GRUB...
         Stopping LXD - container startup/shutdown...
         Stopping Deferred execution scheduler...
[[0;32m  OK  [0m] Stopped target Host and Network Name Lookups.
         Stopping Getty on tty1...
[[0;32m  OK  [0m] Stopped Ubuntu Advantage Timer for running repeated jobs.
[[0;32m  OK  [0m] Stopped Daily Cleanup of Temporary Directories.
         Stopping FUSE filesystem for LXC...
[[0;32m  OK  [0m] Stopped target Cloud-config availability.
         Stopping Session 5 of user vagrant.
         Stopping Docker Application Container Engine...
         Stopping OpenBSD Secure Shell server...
         Stopping User Manager for UID 1000...
[[0;32m  OK  [0m] Stopped Dispatcher daemon for systemd-networkd.
[[0;32m  OK  [0m] Stopped Deferred execution scheduler.
[[0;32m  OK  [0m] Stopped Regular background program processing daemon.
[[0;32m  OK  [0m] Stopped Serial Getty on ttyS0.
[[0;32m  OK  [0m] Stopped Getty on tty1.
[[0;32m  OK  [0m] Stopped Authorization Manager.
[[0;32m  OK  [0m] Stopped Session 58 of user vagrant.
[[0;32m  OK  [0m] Removed slice system-getty.slice.
[[0;32m  OK  [0m] Removed slice system-serial\x2dgetty.slice.
[[0;32m  OK  [0m] Stopped target Login Prompts (Pre).
[[0;32m  OK  [0m] Stopped irqbalance daemon.
[[0;32m  OK  [0m] Stopped Accounts Service.
[[0;32m  OK  [0m] Stopped D-Bus System Message Bus.
[[0;32m  OK  [0m] Unmounted /var/lib/lxcfs.
[[0;32m  OK  [0m] Stopped Session 5 of user vagrant.
[[0;32m  OK  [0m] Stopped LXD - container startup/shutdown.
[[0;32m  OK  [0m] Stopped Session 18 of user vagrant.
[[0;32m  OK  [0m] Stopped OpenBSD Secure Shell server.
[[0;32m  OK  [0m] Stopped FUSE filesystem for LXC.
[[0;32m  OK  [0m] Stopped System Logging Service.
[[0;32m  OK  [0m] Stopped Availability of block devices.
[[0;32m  OK  [0m] Stopped User Manager for UID 1000.
[[0;32m  OK  [0m] Removed slice User Slice of vagrant.
         Stopping Login Service...
         Stopping Permit User Sessions...
[[0;32m  OK  [0m] Stopped Permit User Sessions.
[[0;32m  OK  [0m] Stopped LSB: Record successful boot for GRUB.
[[0;32m  OK  [0m] Stopped LSB: automatic crash report generation.
[[0;32m  OK  [0m] Stopped target Remote File Systems.
         Unmounting /vagrant...
[[0;32m  OK  [0m] Stopped Login Service.
[[0;32m  OK  [0m] Stopped target User and Group Name Lookups.
[[0;32m  OK  [0m] Unmounted /vagrant.
[[0;32m  OK  [0m] Stopped target Remote File Systems (Pre).
[[0;32m  OK  [0m] Stopped Virtualbox guest utils.
[[0;32m  OK  [0m] Unmounted /run/docker/netns/2c07df0e26de.
[[0;32m  OK  [0m] Unmounted /var/lib/docker/overlay2/â€¦627303cf059b2a40565c870b7b/merged.
[[0;32m  OK  [0m] Unmounted /run/docker/netns/0231bdab08ed.
[[0;32m  OK  [0m] Unmounted /var/lib/docker/overlay2/â€¦639aa779e798fa6a9d1afeefbe/merged.
[[0;32m  OK  [0m] Unmounted /var/lib/docker/volumes/db_data/_data.
[[0;32m  OK  [0m] Stopped Docker Application Container Engine.
[[0;32m  OK  [0m] Stopped target Network is Online.
         Stopping containerd container runtime...
[[0;32m  OK  [0m] Stopped containerd container runtime.
[[0;32m  OK  [0m] Stopped target Network.
         Stopping Network Name Resolution...
[[0;32m  OK  [0m] Stopped target Basic System.
[[0;32m  OK  [0m] Stopped target Paths.
[[0;32m  OK  [0m] Stopped ACPI Events Check.
[[0;32m  OK  [0m] Stopped target Slices.
[[0;32m  OK  [0m] Removed slice User and Session Slice.
[[0;32m  OK  [0m] Stopped target Sockets.
[[0;32m  OK  [0m] Closed UUID daemon activation socket.
[[0;32m  OK  [0m] Closed D-Bus System Message Bus Socket.
[[0;32m  OK  [0m] Closed Syslog Socket.
[[0;32m  OK  [0m] Closed Docker Socket for the API.
[[0;32m  OK  [0m] Closed cloud-init hotplug hook socket.
[[0;32m  OK  [0m] Closed Socket activation for snappy daemon.
[[0;32m  OK  [0m] Closed Open-iSCSI iscsid Socket.
[[0;32m  OK  [0m] Closed LXD - unix socket.
[[0;32m  OK  [0m] Closed ACPID Listen Socket.
[[0;32m  OK  [0m] Stopped target System Initialization.
[[0;32m  OK  [0m] Stopped Commit a transient machine-id on disk.
         Stopping Load/Save Random Seed...
         Stopping Update UTMP about System Boot/Shutdown...
[[0;32m  OK  [0m] Stopped target Local Encrypted Volumes.
[[0;32m  OK  [0m] Stopped Forward Password Requests to Wall Directory Watch.
[[0;32m  OK  [0m] Stopped Dispatch Password Requests to Console Directory Watch.
[[0;32m  OK  [0m] Stopped Initial cloud-init job (metadata service crawler).
[[0;32m  OK  [0m] Stopped Network Name Resolution.
         Stopping Network Service...
[[0;32m  OK  [0m] Stopped Load/Save Random Seed.
[[0;32m  OK  [0m] Stopped Update UTMP about System Boot/Shutdown.
[[0;32m  OK  [0m] Stopped Create Volatile Files and Directories.
[[0;32m  OK  [0m] Stopped target Local File Systems.
         Unmounting /run/user/1000...
[[0;32m  OK  [0m] Stopped Network Service.
[[0;32m  OK  [0m] Stopped Apply Kernel Variables.
[[0;32m  OK  [0m] Stopped Load Kernel Modules.
[[0;32m  OK  [0m] Stopped target Network (Pre).
[[0;32m  OK  [0m] Stopped Initial cloud-init job (pre-networking).
[[0;32m  OK  [0m] Unmounted /run/user/1000.
[[0;32m  OK  [0m] Reached target Unmount All Filesystems.
[[0;32m  OK  [0m] Stopped target Local File Systems (Pre).
[[0;32m  OK  [0m] Stopped Create Static Device Nodes in /dev.
         Stopping Monitoring of LVM2 mirrorsâ€¦ng dmeventd or progress polling...
[[0;32m  OK  [0m] Stopped Remount Root and Kernel File Systems.
[[0;32m  OK  [0m] Stopped target Swap.
[[0;32m  OK  [0m] Reached target Shutdown.
[[0;32m  OK  [0m] Reached target Final Step.
         Starting Power-Off...
[[0;32m  OK  [0m] Stopped Monitoring of LVM2 mirrors,â€¦sing dmeventd or progress polling.
         Stopping LVM2 metadata daemon...
[127964.650379] reboot: Power down
